Resolving dependencies...
Downloading packages...
  _fe_analyzer_shared 93.0.0 (100.0.0 available)
  analyzer 10.0.1 (13.0.0 available)
  matcher 0.12.18 (0.12.20 available)
  meta 1.17.0 (1.18.2 available)
  test 1.29.0 (1.31.1 available)
  test_api 0.7.9 (0.7.12 available)
  test_core 0.6.15 (0.6.18 available)
  vector_math 2.2.0 (2.3.0 available)
Got dependencies!
8 packages have newer versions incompatible with dependency constraints.
Try `flutter pub outdated` for more information.
Launching lib/main.dart on Web Server in release mode...
The --pwa-strategy option is deprecated and will be removed in a future Flutter release.
For more information, see: https://github.com/flutter/flutter/issues/156910
Compiling lib/main.dart for the Web...                             42.9s
✓ Built build/web
lib/main.dart is being served at http://localhost:8080
The web-server device requires the Dart Debug Chrome extension for debugging. Consider using the Chrome or Edge devices for an improved development workflow.

Flutter run key commands.
r Hot reload. 🔥🔥🔥
h List all available interactive commands.
d Detach (terminate "flutter run" but leave application running).
c Clear the screen
q Quit (terminate the application on the device).
